// Jest Snapshot v1, https://goo.gl/fbAQLP

exports[`Yggdrasil for Early Normal 2 1`] = `
<table>
  <tbody>
    <tr
      className="bg-slate-200 dark:bg-slate-900"
    >
      <td
        className="px-2"
      >
        Fruit of Gold
      </td>
      <td
        className="px-2"
      >
        8
      </td>
      <td
        className="px-2"
      >
        No
      </td>
      <td
        className="px-2"
      >
        Harvest
      </td>
      <td
        className="px-2"
      >
        <span
          className="text-green-500"
        >
          47
        </span>
      </td>
      <td
        className="px-2"
      >
        <span
          className="text-red-500"
        >
          0
        </span>
      </td>
      <td
        className="px-2"
      >
        <span
          className="text-blue-500"
        >
          81
        </span>
      </td>
    </tr>
    <tr
      className=""
    >
      <td
        className="px-2"
      >
        Fruit of Power α
      </td>
      <td
        className="px-2"
      >
        2
      </td>
      <td
        className="px-2"
      >
        No
      </td>
      <td
        className="px-2"
      >
        Harvest
      </td>
      <td
        className="px-2"
      >
        <span
          className="text-green-500"
        >
          7
        </span>
      </td>
      <td
        className="px-2"
      >
        <span
          className="text-red-500"
        >
          0
        </span>
      </td>
      <td
        className="px-2"
      >
        <span
          className="text-blue-500"
        >
          90
        </span>
      </td>
    </tr>
    <tr
      className="bg-slate-200 dark:bg-slate-900"
    >
      <td
        className="px-2"
      >
        Fruit of Adventure
      </td>
      <td
        className="px-2"
      >
        1
      </td>
      <td
        className="px-2"
      >
        No
      </td>
      <td
        className="px-2"
      >
        Harvest
      </td>
      <td
        className="px-2"
      >
        <span
          className="text-green-500"
        >
          3
        </span>
      </td>
      <td
        className="px-2"
      >
        <span
          className="text-red-500"
        >
          0
        </span>
      </td>
      <td
        className="px-2"
      >
        <span
          className="text-blue-500"
        >
          100
        </span>
      </td>
    </tr>
    <tr
      className=""
    >
      <td
        className="px-2"
      >
        Fruit of Knowledge
      </td>
      <td
        className="px-2"
      >
        0
      </td>
      <td
        className="px-2"
      >
        No
      </td>
      <td
        className="px-2"
      >
        Eat
      </td>
      <td
        className="px-2"
      >
        <span
          className="text-green-500"
        >
          0
        </span>
      </td>
      <td
        className="px-2"
      >
        <span
          className="text-red-500"
        >
          0
        </span>
      </td>
      <td
        className="px-2"
      >
        <span
          className="text-blue-500"
        >
          40
        </span>
      </td>
    </tr>
    <tr
      className="bg-slate-200 dark:bg-slate-900"
    >
      <td
        className="px-2"
      >
        Fruit of Pomegranate
      </td>
      <td
        className="px-2"
      >
        1
      </td>
      <td
        className="px-2"
      >
        No
      </td>
      <td
        className="px-2"
      >
        Harvest
      </td>
      <td
        className="px-2"
      >
        <span
          className="text-green-500"
        >
          11
        </span>
      </td>
      <td
        className="px-2"
      >
        <span
          className="text-red-500"
        >
          0
        </span>
      </td>
      <td
        className="px-2"
      >
        <span
          className="text-blue-500"
        >
          240
        </span>
      </td>
    </tr>
    <tr
      className=""
    >
      <td
        className="px-2"
      >
        Fruit of Luck
      </td>
      <td
        className="px-2"
      >
        0
      </td>
      <td
        className="px-2"
      >
        No
      </td>
      <td
        className="px-2"
      >
        Harvest
      </td>
      <td
        className="px-2"
      >
        <span
          className="text-green-500"
        >
          0
        </span>
      </td>
      <td
        className="px-2"
      >
        <span
          className="text-red-500"
        >
          0
        </span>
      </td>
      <td
        className="px-2"
      >
        <span
          className="text-blue-500"
        >
          100
        </span>
      </td>
    </tr>
    <tr
      className="bg-slate-200 dark:bg-slate-900"
    >
      <td
        className="px-2"
      >
        Fruit of Power β
      </td>
      <td
        className="px-2"
      >
        0
      </td>
      <td
        className="px-2"
      >
        No
      </td>
      <td
        className="px-2"
      >
        Eat
      </td>
      <td
        className="px-2"
      >
        <span
          className="text-green-500"
        >
          0
        </span>
      </td>
      <td
        className="px-2"
      >
        <span
          className="text-red-500"
        >
          0
        </span>
      </td>
      <td
        className="px-2"
      >
        <span
          className="text-blue-500"
        >
          150
        </span>
      </td>
    </tr>
    <tr
      className=""
    >
      <td
        className="px-2"
      >
        Fruit of Arbitrariness
      </td>
      <td
        className="px-2"
      >
        0
      </td>
      <td
        className="px-2"
      >
        No
      </td>
      <td
        className="px-2"
      >
        Eat
      </td>
      <td
        className="px-2"
      >
        <span
          className="text-green-500"
        >
          0
        </span>
      </td>
      <td
        className="px-2"
      >
        <span
          className="text-red-500"
        >
          0
        </span>
      </td>
      <td
        className="px-2"
      >
        <span
          className="text-blue-500"
        >
          170
        </span>
      </td>
    </tr>
    <tr
      className="bg-slate-200 dark:bg-slate-900"
    >
      <td
        className="px-2"
      >
        Fruit of Numbers
      </td>
      <td
        className="px-2"
      >
        0
      </td>
      <td
        className="px-2"
      >
        No
      </td>
      <td
        className="px-2"
      >
        Eat
      </td>
      <td
        className="px-2"
      >
        <span
          className="text-green-500"
        >
          0
        </span>
      </td>
      <td
        className="px-2"
      >
        <span
          className="text-red-500"
        >
          0
        </span>
      </td>
      <td
        className="px-2"
      >
        <span
          className="text-blue-500"
        >
          200
        </span>
      </td>
    </tr>
    <tr
      className=""
    >
      <td
        className="px-2"
      >
        Fruit of Rage
      </td>
      <td
        className="px-2"
      >
        0
      </td>
      <td
        className="px-2"
      >
        No
      </td>
      <td
        className="px-2"
      >
        Eat
      </td>
      <td
        className="px-2"
      >
        <span
          className="text-green-500"
        >
          0
        </span>
      </td>
      <td
        className="px-2"
      >
        <span
          className="text-red-500"
        >
          0
        </span>
      </td>
      <td
        className="px-2"
      >
        <span
          className="text-blue-500"
        >
          2,000
        </span>
      </td>
    </tr>
    <tr
      className="bg-slate-200 dark:bg-slate-900"
    >
      <td
        className="px-2"
      >
        Fruit of Macguffin α
      </td>
      <td
        className="px-2"
      >
        0
      </td>
      <td
        className="px-2"
      >
        No
      </td>
      <td
        className="px-2"
      >
        Eat
      </td>
      <td
        className="px-2"
      >
        <span
          className="text-green-500"
        >
          0
        </span>
      </td>
      <td
        className="px-2"
      >
        <span
          className="text-red-500"
        >
          0
        </span>
      </td>
      <td
        className="px-2"
      >
        <span
          className="text-blue-500"
        >
          15,000
        </span>
      </td>
    </tr>
    <tr
      className=""
    >
      <td
        className="px-2"
      >
        Fruit of Power δ
      </td>
      <td
        className="px-2"
      >
        0
      </td>
      <td
        className="px-2"
      >
        No
      </td>
      <td
        className="px-2"
      >
        Eat
      </td>
      <td
        className="px-2"
      >
        <span
          className="text-green-500"
        >
          0
        </span>
      </td>
      <td
        className="px-2"
      >
        <span
          className="text-red-500"
        >
          0
        </span>
      </td>
      <td
        className="px-2"
      >
        <span
          className="text-blue-500"
        >
          30,000
        </span>
      </td>
    </tr>
    <tr
      className="bg-slate-200 dark:bg-slate-900"
    >
      <td
        className="px-2"
      >
        Fruit of Watermelon
      </td>
      <td
        className="px-2"
      >
        0
      </td>
      <td
        className="px-2"
      >
        No
      </td>
      <td
        className="px-2"
      >
        Eat
      </td>
      <td
        className="px-2"
      >
        <span
          className="text-green-500"
        >
          0
        </span>
      </td>
      <td
        className="px-2"
      >
        <span
          className="text-red-500"
        >
          0
        </span>
      </td>
      <td
        className="px-2"
      >
        <span
          className="text-blue-500"
        >
          50,000
        </span>
      </td>
    </tr>
    <tr
      className=""
    >
      <td
        className="px-2"
      >
        Fruit of Macguffin β
      </td>
      <td
        className="px-2"
      >
        0
      </td>
      <td
        className="px-2"
      >
        No
      </td>
      <td
        className="px-2"
      >
        Eat
      </td>
      <td
        className="px-2"
      >
        <span
          className="text-green-500"
        >
          0
        </span>
      </td>
      <td
        className="px-2"
      >
        <span
          className="text-red-500"
        >
          0
        </span>
      </td>
      <td
        className="px-2"
      >
        <span
          className="text-blue-500"
        >
          100,000
        </span>
      </td>
    </tr>
    <tr
      className="bg-slate-200 dark:bg-slate-900"
    >
      <td
        className="px-2"
      >
        Fruit of Quirks
      </td>
      <td
        className="px-2"
      >
        0
      </td>
      <td
        className="px-2"
      >
        No
      </td>
      <td
        className="px-2"
      >
        Eat
      </td>
      <td
        className="px-2"
      >
        <span
          className="text-green-500"
        >
          0
        </span>
      </td>
      <td
        className="px-2"
      >
        <span
          className="text-red-500"
        >
          0
        </span>
      </td>
      <td
        className="px-2"
      >
        <span
          className="text-blue-500"
        >
          25,000
        </span>
      </td>
    </tr>
    <tr
      className=""
    >
      <td
        className="px-2"
      >
        Fruit of Angry Mayo
      </td>
      <td
        className="px-2"
      >
        0
      </td>
      <td
        className="px-2"
      >
        No
      </td>
      <td
        className="px-2"
      >
        Eat
      </td>
      <td
        className="px-2"
      >
        <span
          className="text-green-500"
        >
          0
        </span>
      </td>
      <td
        className="px-2"
      >
        <span
          className="text-red-500"
        >
          0
        </span>
      </td>
      <td
        className="px-2"
      >
        <span
          className="text-blue-500"
        >
          250,000
        </span>
      </td>
    </tr>
    <tr
      className="bg-slate-200 dark:bg-slate-900"
    >
      <td
        className="px-2"
      >
        Fruit of Sad Mayo
      </td>
      <td
        className="px-2"
      >
        0
      </td>
      <td
        className="px-2"
      >
        No
      </td>
      <td
        className="px-2"
      >
        Eat
      </td>
      <td
        className="px-2"
      >
        <span
          className="text-green-500"
        >
          0
        </span>
      </td>
      <td
        className="px-2"
      >
        <span
          className="text-red-500"
        >
          0
        </span>
      </td>
      <td
        className="px-2"
      >
        <span
          className="text-blue-500"
        >
          250,000
        </span>
      </td>
    </tr>
    <tr
      className=""
    >
      <td
        className="px-2"
      >
        Fruit of Moldy Mayo
      </td>
      <td
        className="px-2"
      >
        0
      </td>
      <td
        className="px-2"
      >
        No
      </td>
      <td
        className="px-2"
      >
        Eat
      </td>
      <td
        className="px-2"
      >
        <span
          className="text-green-500"
        >
          0
        </span>
      </td>
      <td
        className="px-2"
      >
        <span
          className="text-red-500"
        >
          0
        </span>
      </td>
      <td
        className="px-2"
      >
        <span
          className="text-blue-500"
        >
          250,000
        </span>
      </td>
    </tr>
    <tr
      className="bg-slate-200 dark:bg-slate-900"
    >
      <td
        className="px-2"
      >
        Fruit of Ayy Mayo
      </td>
      <td
        className="px-2"
      >
        0
      </td>
      <td
        className="px-2"
      >
        No
      </td>
      <td
        className="px-2"
      >
        Eat
      </td>
      <td
        className="px-2"
      >
        <span
          className="text-green-500"
        >
          0
        </span>
      </td>
      <td
        className="px-2"
      >
        <span
          className="text-red-500"
        >
          0
        </span>
      </td>
      <td
        className="px-2"
      >
        <span
          className="text-blue-500"
        >
          250,000
        </span>
      </td>
    </tr>
    <tr
      className=""
    >
      <td
        className="px-2"
      >
        Fruit of Cinco de Mayo
      </td>
      <td
        className="px-2"
      >
        0
      </td>
      <td
        className="px-2"
      >
        No
      </td>
      <td
        className="px-2"
      >
        Eat
      </td>
      <td
        className="px-2"
      >
        <span
          className="text-green-500"
        >
          0
        </span>
      </td>
      <td
        className="px-2"
      >
        <span
          className="text-red-500"
        >
          0
        </span>
      </td>
      <td
        className="px-2"
      >
        <span
          className="text-blue-500"
        >
          250,000
        </span>
      </td>
    </tr>
    <tr
      className="bg-slate-200 dark:bg-slate-900"
    >
      <td
        className="px-2"
      >
        Fruit of Pretty Mayo
      </td>
      <td
        className="px-2"
      >
        0
      </td>
      <td
        className="px-2"
      >
        No
      </td>
      <td
        className="px-2"
      >
        Eat
      </td>
      <td
        className="px-2"
      >
        <span
          className="text-green-500"
        >
          0
        </span>
      </td>
      <td
        className="px-2"
      >
        <span
          className="text-red-500"
        >
          0
        </span>
      </td>
      <td
        className="px-2"
      >
        <span
          className="text-blue-500"
        >
          250,000
        </span>
      </td>
    </tr>
  </tbody>
</table>
`;

exports[`Yggdrasil for Late Normal 1`] = `
<table>
  <tbody>
    <tr
      className="bg-slate-200 dark:bg-slate-900"
    >
      <td
        className="px-2"
      >
        Fruit of Gold
      </td>
      <td
        className="px-2"
      >
        24
      </td>
      <td
        className="px-2"
      >
        No
      </td>
      <td
        className="px-2"
      >
        Harvest
      </td>
      <td
        className="px-2"
      >
        <span
          className="text-green-500"
        >
          32,781
        </span>
      </td>
      <td
        className="px-2"
      >
        <span
          className="text-red-500"
        >
          0
        </span>
      </td>
      <td
        className="px-2"
      >
        <span
          className="text-blue-500"
        >
          0
        </span>
      </td>
    </tr>
    <tr
      className=""
    >
      <td
        className="px-2"
      >
        Fruit of Power α
      </td>
      <td
        className="px-2"
      >
        24
      </td>
      <td
        className="px-2"
      >
        No
      </td>
      <td
        className="px-2"
      >
        Harvest
      </td>
      <td
        className="px-2"
      >
        <span
          className="text-green-500"
        >
          32,781
        </span>
      </td>
      <td
        className="px-2"
      >
        <span
          className="text-red-500"
        >
          0
        </span>
      </td>
      <td
        className="px-2"
      >
        <span
          className="text-blue-500"
        >
          0
        </span>
      </td>
    </tr>
    <tr
      className="bg-slate-200 dark:bg-slate-900"
    >
      <td
        className="px-2"
      >
        Fruit of Adventure
      </td>
      <td
        className="px-2"
      >
        24
      </td>
      <td
        className="px-2"
      >
        No
      </td>
      <td
        className="px-2"
      >
        Eat
      </td>
      <td
        className="px-2"
      >
        <span
          className="text-green-500"
        >
          16,391
        </span>
      </td>
      <td
        className="px-2"
      >
        <span
          className="text-red-500"
        >
          44,139
        </span>
      </td>
      <td
        className="px-2"
      >
        <span
          className="text-blue-500"
        >
          0
        </span>
      </td>
    </tr>
    <tr
      className=""
    >
      <td
        className="px-2"
      >
        Fruit of Knowledge
      </td>
      <td
        className="px-2"
      >
        24
      </td>
      <td
        className="px-2"
      >
        Yes
      </td>
      <td
        className="px-2"
      >
        Eat
      </td>
      <td
        className="px-2"
      >
        <span
          className="text-green-500"
        >
          27,044
        </span>
      </td>
      <td
        className="px-2"
      >
        <span
          className="text-red-500"
        >
          4,323,912
        </span>
      </td>
      <td
        className="px-2"
      >
        <span
          className="text-blue-500"
        >
          0
        </span>
      </td>
    </tr>
    <tr
      className="bg-slate-200 dark:bg-slate-900"
    >
      <td
        className="px-2"
      >
        Fruit of Pomegranate
      </td>
      <td
        className="px-2"
      >
        24
      </td>
      <td
        className="px-2"
      >
        Yes
      </td>
      <td
        className="px-2"
      >
        Harvest
      </td>
      <td
        className="px-2"
      >
        <span
          className="text-green-500"
        >
          270,436
        </span>
      </td>
      <td
        className="px-2"
      >
        <span
          className="text-red-500"
        >
          0
        </span>
      </td>
      <td
        className="px-2"
      >
        <span
          className="text-blue-500"
        >
          0
        </span>
      </td>
    </tr>
    <tr
      className=""
    >
      <td
        className="px-2"
      >
        Fruit of Luck
      </td>
      <td
        className="px-2"
      >
        24
      </td>
      <td
        className="px-2"
      >
        Yes
      </td>
      <td
        className="px-2"
      >
        Eat
      </td>
      <td
        className="px-2"
      >
        <span
          className="text-green-500"
        >
          27,044
        </span>
      </td>
      <td
        className="px-2"
      >
        <span
          className="text-red-500"
        >
          189
        </span>
      </td>
      <td
        className="px-2"
      >
        <span
          className="text-blue-500"
        >
          0
        </span>
      </td>
    </tr>
    <tr
      className="bg-slate-200 dark:bg-slate-900"
    >
      <td
        className="px-2"
      >
        Fruit of Power β
      </td>
      <td
        className="px-2"
      >
        24
      </td>
      <td
        className="px-2"
      >
        No
      </td>
      <td
        className="px-2"
      >
        Eat
      </td>
      <td
        className="px-2"
      >
        <span
          className="text-green-500"
        >
          16,391
        </span>
      </td>
      <td
        className="px-2"
      >
        <span
          className="text-red-500"
        >
          3,027,009
        </span>
      </td>
      <td
        className="px-2"
      >
        <span
          className="text-blue-500"
        >
          0
        </span>
      </td>
    </tr>
    <tr
      className=""
    >
      <td
        className="px-2"
      >
        Fruit of Arbitrariness
      </td>
      <td
        className="px-2"
      >
        24
      </td>
      <td
        className="px-2"
      >
        Yes
      </td>
      <td
        className="px-2"
      >
        Eat
      </td>
      <td
        className="px-2"
      >
        <span
          className="text-green-500"
        >
          81,131
        </span>
      </td>
      <td
        className="px-2"
      >
        <span
          className="text-red-500"
        >
          7,612
        </span>
      </td>
      <td
        className="px-2"
      >
        <span
          className="text-blue-500"
        >
          0
        </span>
      </td>
    </tr>
    <tr
      className="bg-slate-200 dark:bg-slate-900"
    >
      <td
        className="px-2"
      >
        Fruit of Numbers
      </td>
      <td
        className="px-2"
      >
        14
      </td>
      <td
        className="px-2"
      >
        No
      </td>
      <td
        className="px-2"
      >
        Eat
      </td>
      <td
        className="px-2"
      >
        <span
          className="text-green-500"
        >
          22,085
        </span>
      </td>
      <td
        className="px-2"
      >
        <span
          className="text-red-500"
        >
          4,810
        </span>
      </td>
      <td
        className="px-2"
      >
        <span
          className="text-blue-500"
        >
          45,000
        </span>
      </td>
    </tr>
    <tr
      className=""
    >
      <td
        className="px-2"
      >
        Fruit of Rage
      </td>
      <td
        className="px-2"
      >
        11
      </td>
      <td
        className="px-2"
      >
        Yes
      </td>
      <td
        className="px-2"
      >
        Eat
      </td>
      <td
        className="px-2"
      >
        <span
          className="text-green-500"
        >
          42,399
        </span>
      </td>
      <td
        className="px-2"
      >
        <span
          className="text-red-500"
        >
          19,152,704
        </span>
      </td>
      <td
        className="px-2"
      >
        <span
          className="text-blue-500"
        >
          288,000
        </span>
      </td>
    </tr>
    <tr
      className="bg-slate-200 dark:bg-slate-900"
    >
      <td
        className="px-2"
      >
        Fruit of Macguffin α
      </td>
      <td
        className="px-2"
      >
        0
      </td>
      <td
        className="px-2"
      >
        No
      </td>
      <td
        className="px-2"
      >
        Eat
      </td>
      <td
        className="px-2"
      >
        <span
          className="text-green-500"
        >
          0
        </span>
      </td>
      <td
        className="px-2"
      >
        <span
          className="text-red-500"
        >
          0
        </span>
      </td>
      <td
        className="px-2"
      >
        <span
          className="text-blue-500"
        >
          15,000
        </span>
      </td>
    </tr>
    <tr
      className=""
    >
      <td
        className="px-2"
      >
        Fruit of Power δ
      </td>
      <td
        className="px-2"
      >
        0
      </td>
      <td
        className="px-2"
      >
        No
      </td>
      <td
        className="px-2"
      >
        Eat
      </td>
      <td
        className="px-2"
      >
        <span
          className="text-green-500"
        >
          0
        </span>
      </td>
      <td
        className="px-2"
      >
        <span
          className="text-red-500"
        >
          0
        </span>
      </td>
      <td
        className="px-2"
      >
        <span
          className="text-blue-500"
        >
          30,000
        </span>
      </td>
    </tr>
    <tr
      className="bg-slate-200 dark:bg-slate-900"
    >
      <td
        className="px-2"
      >
        Fruit of Watermelon
      </td>
      <td
        className="px-2"
      >
        0
      </td>
      <td
        className="px-2"
      >
        No
      </td>
      <td
        className="px-2"
      >
        Eat
      </td>
      <td
        className="px-2"
      >
        <span
          className="text-green-500"
        >
          0
        </span>
      </td>
      <td
        className="px-2"
      >
        <span
          className="text-red-500"
        >
          0
        </span>
      </td>
      <td
        className="px-2"
      >
        <span
          className="text-blue-500"
        >
          50,000
        </span>
      </td>
    </tr>
    <tr
      className=""
    >
      <td
        className="px-2"
      >
        Fruit of Macguffin β
      </td>
      <td
        className="px-2"
      >
        0
      </td>
      <td
        className="px-2"
      >
        No
      </td>
      <td
        className="px-2"
      >
        Eat
      </td>
      <td
        className="px-2"
      >
        <span
          className="text-green-500"
        >
          0
        </span>
      </td>
      <td
        className="px-2"
      >
        <span
          className="text-red-500"
        >
          0
        </span>
      </td>
      <td
        className="px-2"
      >
        <span
          className="text-blue-500"
        >
          100,000
        </span>
      </td>
    </tr>
    <tr
      className="bg-slate-200 dark:bg-slate-900"
    >
      <td
        className="px-2"
      >
        Fruit of Quirks
      </td>
      <td
        className="px-2"
      >
        0
      </td>
      <td
        className="px-2"
      >
        No
      </td>
      <td
        className="px-2"
      >
        Eat
      </td>
      <td
        className="px-2"
      >
        <span
          className="text-green-500"
        >
          0
        </span>
      </td>
      <td
        className="px-2"
      >
        <span
          className="text-red-500"
        >
          0
        </span>
      </td>
      <td
        className="px-2"
      >
        <span
          className="text-blue-500"
        >
          25,000
        </span>
      </td>
    </tr>
    <tr
      className=""
    >
      <td
        className="px-2"
      >
        Fruit of Angry Mayo
      </td>
      <td
        className="px-2"
      >
        0
      </td>
      <td
        className="px-2"
      >
        No
      </td>
      <td
        className="px-2"
      >
        Eat
      </td>
      <td
        className="px-2"
      >
        <span
          className="text-green-500"
        >
          0
        </span>
      </td>
      <td
        className="px-2"
      >
        <span
          className="text-red-500"
        >
          0
        </span>
      </td>
      <td
        className="px-2"
      >
        <span
          className="text-blue-500"
        >
          250,000
        </span>
      </td>
    </tr>
    <tr
      className="bg-slate-200 dark:bg-slate-900"
    >
      <td
        className="px-2"
      >
        Fruit of Sad Mayo
      </td>
      <td
        className="px-2"
      >
        0
      </td>
      <td
        className="px-2"
      >
        No
      </td>
      <td
        className="px-2"
      >
        Eat
      </td>
      <td
        className="px-2"
      >
        <span
          className="text-green-500"
        >
          0
        </span>
      </td>
      <td
        className="px-2"
      >
        <span
          className="text-red-500"
        >
          0
        </span>
      </td>
      <td
        className="px-2"
      >
        <span
          className="text-blue-500"
        >
          250,000
        </span>
      </td>
    </tr>
    <tr
      className=""
    >
      <td
        className="px-2"
      >
        Fruit of Moldy Mayo
      </td>
      <td
        className="px-2"
      >
        0
      </td>
      <td
        className="px-2"
      >
        No
      </td>
      <td
        className="px-2"
      >
        Eat
      </td>
      <td
        className="px-2"
      >
        <span
          className="text-green-500"
        >
          0
        </span>
      </td>
      <td
        className="px-2"
      >
        <span
          className="text-red-500"
        >
          0
        </span>
      </td>
      <td
        className="px-2"
      >
        <span
          className="text-blue-500"
        >
          250,000
        </span>
      </td>
    </tr>
    <tr
      className="bg-slate-200 dark:bg-slate-900"
    >
      <td
        className="px-2"
      >
        Fruit of Ayy Mayo
      </td>
      <td
        className="px-2"
      >
        0
      </td>
      <td
        className="px-2"
      >
        No
      </td>
      <td
        className="px-2"
      >
        Eat
      </td>
      <td
        className="px-2"
      >
        <span
          className="text-green-500"
        >
          0
        </span>
      </td>
      <td
        className="px-2"
      >
        <span
          className="text-red-500"
        >
          0
        </span>
      </td>
      <td
        className="px-2"
      >
        <span
          className="text-blue-500"
        >
          250,000
        </span>
      </td>
    </tr>
    <tr
      className=""
    >
      <td
        className="px-2"
      >
        Fruit of Cinco de Mayo
      </td>
      <td
        className="px-2"
      >
        0
      </td>
      <td
        className="px-2"
      >
        No
      </td>
      <td
        className="px-2"
      >
        Eat
      </td>
      <td
        className="px-2"
      >
        <span
          className="text-green-500"
        >
          0
        </span>
      </td>
      <td
        className="px-2"
      >
        <span
          className="text-red-500"
        >
          0
        </span>
      </td>
      <td
        className="px-2"
      >
        <span
          className="text-blue-500"
        >
          250,000
        </span>
      </td>
    </tr>
    <tr
      className="bg-slate-200 dark:bg-slate-900"
    >
      <td
        className="px-2"
      >
        Fruit of Pretty Mayo
      </td>
      <td
        className="px-2"
      >
        0
      </td>
      <td
        className="px-2"
      >
        No
      </td>
      <td
        className="px-2"
      >
        Eat
      </td>
      <td
        className="px-2"
      >
        <span
          className="text-green-500"
        >
          0
        </span>
      </td>
      <td
        className="px-2"
      >
        <span
          className="text-red-500"
        >
          0
        </span>
      </td>
      <td
        className="px-2"
      >
        <span
          className="text-blue-500"
        >
          250,000
        </span>
      </td>
    </tr>
  </tbody>
</table>
`;

exports[`Yggdrasil for Mid Normal 1 1`] = `
<table>
  <tbody>
    <tr
      className="bg-slate-200 dark:bg-slate-900"
    >
      <td
        className="px-2"
      >
        Fruit of Gold
      </td>
      <td
        className="px-2"
      >
        10
      </td>
      <td
        className="px-2"
      >
        No
      </td>
      <td
        className="px-2"
      >
        Harvest
      </td>
      <td
        className="px-2"
      >
        <span
          className="text-green-500"
        >
          73
        </span>
      </td>
      <td
        className="px-2"
      >
        <span
          className="text-red-500"
        >
          0
        </span>
      </td>
      <td
        className="px-2"
      >
        <span
          className="text-blue-500"
        >
          121
        </span>
      </td>
    </tr>
    <tr
      className=""
    >
      <td
        className="px-2"
      >
        Fruit of Power α
      </td>
      <td
        className="px-2"
      >
        3
      </td>
      <td
        className="px-2"
      >
        No
      </td>
      <td
        className="px-2"
      >
        Harvest
      </td>
      <td
        className="px-2"
      >
        <span
          className="text-green-500"
        >
          14
        </span>
      </td>
      <td
        className="px-2"
      >
        <span
          className="text-red-500"
        >
          0
        </span>
      </td>
      <td
        className="px-2"
      >
        <span
          className="text-blue-500"
        >
          160
        </span>
      </td>
    </tr>
    <tr
      className="bg-slate-200 dark:bg-slate-900"
    >
      <td
        className="px-2"
      >
        Fruit of Adventure
      </td>
      <td
        className="px-2"
      >
        5
      </td>
      <td
        className="px-2"
      >
        No
      </td>
      <td
        className="px-2"
      >
        Eat
      </td>
      <td
        className="px-2"
      >
        <span
          className="text-green-500"
        >
          14
        </span>
      </td>
      <td
        className="px-2"
      >
        <span
          className="text-red-500"
        >
          77
        </span>
      </td>
      <td
        className="px-2"
      >
        <span
          className="text-blue-500"
        >
          900
        </span>
      </td>
    </tr>
    <tr
      className=""
    >
      <td
        className="px-2"
      >
        Fruit of Knowledge
      </td>
      <td
        className="px-2"
      >
        2
      </td>
      <td
        className="px-2"
      >
        No
      </td>
      <td
        className="px-2"
      >
        Eat
      </td>
      <td
        className="px-2"
      >
        <span
          className="text-green-500"
        >
          4
        </span>
      </td>
      <td
        className="px-2"
      >
        <span
          className="text-red-500"
        >
          18
        </span>
      </td>
      <td
        className="px-2"
      >
        <span
          className="text-blue-500"
        >
          360
        </span>
      </td>
    </tr>
    <tr
      className="bg-slate-200 dark:bg-slate-900"
    >
      <td
        className="px-2"
      >
        Fruit of Pomegranate
      </td>
      <td
        className="px-2"
      >
        8
      </td>
      <td
        className="px-2"
      >
        Yes
      </td>
      <td
        className="px-2"
      >
        Harvest
      </td>
      <td
        className="px-2"
      >
        <span
          className="text-green-500"
        >
          393
        </span>
      </td>
      <td
        className="px-2"
      >
        <span
          className="text-red-500"
        >
          0
        </span>
      </td>
      <td
        className="px-2"
      >
        <span
          className="text-blue-500"
        >
          4,860
        </span>
      </td>
    </tr>
    <tr
      className=""
    >
      <td
        className="px-2"
      >
        Fruit of Luck
      </td>
      <td
        className="px-2"
      >
        3
      </td>
      <td
        className="px-2"
      >
        No
      </td>
      <td
        className="px-2"
      >
        Eat
      </td>
      <td
        className="px-2"
      >
        <span
          className="text-green-500"
        >
          7
        </span>
      </td>
      <td
        className="px-2"
      >
        <span
          className="text-red-500"
        >
          0.25
        </span>
      </td>
      <td
        className="px-2"
      >
        <span
          className="text-blue-500"
        >
          1,600
        </span>
      </td>
    </tr>
    <tr
      className="bg-slate-200 dark:bg-slate-900"
    >
      <td
        className="px-2"
      >
        Fruit of Power β
      </td>
      <td
        className="px-2"
      >
        1
      </td>
      <td
        className="px-2"
      >
        No
      </td>
      <td
        className="px-2"
      >
        Eat
      </td>
      <td
        className="px-2"
      >
        <span
          className="text-green-500"
        >
          2
        </span>
      </td>
      <td
        className="px-2"
      >
        <span
          className="text-red-500"
        >
          0.2
        </span>
      </td>
      <td
        className="px-2"
      >
        <span
          className="text-blue-500"
        >
          600
        </span>
      </td>
    </tr>
    <tr
      className=""
    >
      <td
        className="px-2"
      >
        Fruit of Arbitrariness
      </td>
      <td
        className="px-2"
      >
        1
      </td>
      <td
        className="px-2"
      >
        No
      </td>
      <td
        className="px-2"
      >
        Eat
      </td>
      <td
        className="px-2"
      >
        <span
          className="text-green-500"
        >
          4
        </span>
      </td>
      <td
        className="px-2"
      >
        <span
          className="text-red-500"
        >
          17
        </span>
      </td>
      <td
        className="px-2"
      >
        <span
          className="text-blue-500"
        >
          680
        </span>
      </td>
    </tr>
    <tr
      className="bg-slate-200 dark:bg-slate-900"
    >
      <td
        className="px-2"
      >
        Fruit of Numbers
      </td>
      <td
        className="px-2"
      >
        0
      </td>
      <td
        className="px-2"
      >
        No
      </td>
      <td
        className="px-2"
      >
        Eat
      </td>
      <td
        className="px-2"
      >
        <span
          className="text-green-500"
        >
          0
        </span>
      </td>
      <td
        className="px-2"
      >
        <span
          className="text-red-500"
        >
          0
        </span>
      </td>
      <td
        className="px-2"
      >
        <span
          className="text-blue-500"
        >
          200
        </span>
      </td>
    </tr>
    <tr
      className=""
    >
      <td
        className="px-2"
      >
        Fruit of Rage
      </td>
      <td
        className="px-2"
      >
        0
      </td>
      <td
        className="px-2"
      >
        No
      </td>
      <td
        className="px-2"
      >
        Eat
      </td>
      <td
        className="px-2"
      >
        <span
          className="text-green-500"
        >
          0
        </span>
      </td>
      <td
        className="px-2"
      >
        <span
          className="text-red-500"
        >
          0
        </span>
      </td>
      <td
        className="px-2"
      >
        <span
          className="text-blue-500"
        >
          2,000
        </span>
      </td>
    </tr>
    <tr
      className="bg-slate-200 dark:bg-slate-900"
    >
      <td
        className="px-2"
      >
        Fruit of Macguffin α
      </td>
      <td
        className="px-2"
      >
        0
      </td>
      <td
        className="px-2"
      >
        No
      </td>
      <td
        className="px-2"
      >
        Eat
      </td>
      <td
        className="px-2"
      >
        <span
          className="text-green-500"
        >
          0
        </span>
      </td>
      <td
        className="px-2"
      >
        <span
          className="text-red-500"
        >
          0
        </span>
      </td>
      <td
        className="px-2"
      >
        <span
          className="text-blue-500"
        >
          15,000
        </span>
      </td>
    </tr>
    <tr
      className=""
    >
      <td
        className="px-2"
      >
        Fruit of Power δ
      </td>
      <td
        className="px-2"
      >
        0
      </td>
      <td
        className="px-2"
      >
        No
      </td>
      <td
        className="px-2"
      >
        Eat
      </td>
      <td
        className="px-2"
      >
        <span
          className="text-green-500"
        >
          0
        </span>
      </td>
      <td
        className="px-2"
      >
        <span
          className="text-red-500"
        >
          0
        </span>
      </td>
      <td
        className="px-2"
      >
        <span
          className="text-blue-500"
        >
          30,000
        </span>
      </td>
    </tr>
    <tr
      className="bg-slate-200 dark:bg-slate-900"
    >
      <td
        className="px-2"
      >
        Fruit of Watermelon
      </td>
      <td
        className="px-2"
      >
        0
      </td>
      <td
        className="px-2"
      >
        No
      </td>
      <td
        className="px-2"
      >
        Eat
      </td>
      <td
        className="px-2"
      >
        <span
          className="text-green-500"
        >
          0
        </span>
      </td>
      <td
        className="px-2"
      >
        <span
          className="text-red-500"
        >
          0
        </span>
      </td>
      <td
        className="px-2"
      >
        <span
          className="text-blue-500"
        >
          50,000
        </span>
      </td>
    </tr>
    <tr
      className=""
    >
      <td
        className="px-2"
      >
        Fruit of Macguffin β
      </td>
      <td
        className="px-2"
      >
        0
      </td>
      <td
        className="px-2"
      >
        No
      </td>
      <td
        className="px-2"
      >
        Eat
      </td>
      <td
        className="px-2"
      >
        <span
          className="text-green-500"
        >
          0
        </span>
      </td>
      <td
        className="px-2"
      >
        <span
          className="text-red-500"
        >
          0
        </span>
      </td>
      <td
        className="px-2"
      >
        <span
          className="text-blue-500"
        >
          100,000
        </span>
      </td>
    </tr>
    <tr
      className="bg-slate-200 dark:bg-slate-900"
    >
      <td
        className="px-2"
      >
        Fruit of Quirks
      </td>
      <td
        className="px-2"
      >
        0
      </td>
      <td
        className="px-2"
      >
        No
      </td>
      <td
        className="px-2"
      >
        Eat
      </td>
      <td
        className="px-2"
      >
        <span
          className="text-green-500"
        >
          0
        </span>
      </td>
      <td
        className="px-2"
      >
        <span
          className="text-red-500"
        >
          0
        </span>
      </td>
      <td
        className="px-2"
      >
        <span
          className="text-blue-500"
        >
          25,000
        </span>
      </td>
    </tr>
    <tr
      className=""
    >
      <td
        className="px-2"
      >
        Fruit of Angry Mayo
      </td>
      <td
        className="px-2"
      >
        0
      </td>
      <td
        className="px-2"
      >
        No
      </td>
      <td
        className="px-2"
      >
        Eat
      </td>
      <td
        className="px-2"
      >
        <span
          className="text-green-500"
        >
          0
        </span>
      </td>
      <td
        className="px-2"
      >
        <span
          className="text-red-500"
        >
          0
        </span>
      </td>
      <td
        className="px-2"
      >
        <span
          className="text-blue-500"
        >
          250,000
        </span>
      </td>
    </tr>
    <tr
      className="bg-slate-200 dark:bg-slate-900"
    >
      <td
        className="px-2"
      >
        Fruit of Sad Mayo
      </td>
      <td
        className="px-2"
      >
        0
      </td>
      <td
        className="px-2"
      >
        No
      </td>
      <td
        className="px-2"
      >
        Eat
      </td>
      <td
        className="px-2"
      >
        <span
          className="text-green-500"
        >
          0
        </span>
      </td>
      <td
        className="px-2"
      >
        <span
          className="text-red-500"
        >
          0
        </span>
      </td>
      <td
        className="px-2"
      >
        <span
          className="text-blue-500"
        >
          250,000
        </span>
      </td>
    </tr>
    <tr
      className=""
    >
      <td
        className="px-2"
      >
        Fruit of Moldy Mayo
      </td>
      <td
        className="px-2"
      >
        0
      </td>
      <td
        className="px-2"
      >
        No
      </td>
      <td
        className="px-2"
      >
        Eat
      </td>
      <td
        className="px-2"
      >
        <span
          className="text-green-500"
        >
          0
        </span>
      </td>
      <td
        className="px-2"
      >
        <span
          className="text-red-500"
        >
          0
        </span>
      </td>
      <td
        className="px-2"
      >
        <span
          className="text-blue-500"
        >
          250,000
        </span>
      </td>
    </tr>
    <tr
      className="bg-slate-200 dark:bg-slate-900"
    >
      <td
        className="px-2"
      >
        Fruit of Ayy Mayo
      </td>
      <td
        className="px-2"
      >
        0
      </td>
      <td
        className="px-2"
      >
        No
      </td>
      <td
        className="px-2"
      >
        Eat
      </td>
      <td
        className="px-2"
      >
        <span
          className="text-green-500"
        >
          0
        </span>
      </td>
      <td
        className="px-2"
      >
        <span
          className="text-red-500"
        >
          0
        </span>
      </td>
      <td
        className="px-2"
      >
        <span
          className="text-blue-500"
        >
          250,000
        </span>
      </td>
    </tr>
    <tr
      className=""
    >
      <td
        className="px-2"
      >
        Fruit of Cinco de Mayo
      </td>
      <td
        className="px-2"
      >
        0
      </td>
      <td
        className="px-2"
      >
        No
      </td>
      <td
        className="px-2"
      >
        Eat
      </td>
      <td
        className="px-2"
      >
        <span
          className="text-green-500"
        >
          0
        </span>
      </td>
      <td
        className="px-2"
      >
        <span
          className="text-red-500"
        >
          0
        </span>
      </td>
      <td
        className="px-2"
      >
        <span
          className="text-blue-500"
        >
          250,000
        </span>
      </td>
    </tr>
    <tr
      className="bg-slate-200 dark:bg-slate-900"
    >
      <td
        className="px-2"
      >
        Fruit of Pretty Mayo
      </td>
      <td
        className="px-2"
      >
        0
      </td>
      <td
        className="px-2"
      >
        No
      </td>
      <td
        className="px-2"
      >
        Eat
      </td>
      <td
        className="px-2"
      >
        <span
          className="text-green-500"
        >
          0
        </span>
      </td>
      <td
        className="px-2"
      >
        <span
          className="text-red-500"
        >
          0
        </span>
      </td>
      <td
        className="px-2"
      >
        <span
          className="text-blue-500"
        >
          250,000
        </span>
      </td>
    </tr>
  </tbody>
</table>
`;

exports[`Yggdrasil for Mid Normal 2 1`] = `
<table>
  <tbody>
    <tr
      className="bg-slate-200 dark:bg-slate-900"
    >
      <td
        className="px-2"
      >
        Fruit of Gold
      </td>
      <td
        className="px-2"
      >
        24
      </td>
      <td
        className="px-2"
      >
        No
      </td>
      <td
        className="px-2"
      >
        Harvest
      </td>
      <td
        className="px-2"
      >
        <span
          className="text-green-500"
        >
          3,762
        </span>
      </td>
      <td
        className="px-2"
      >
        <span
          className="text-red-500"
        >
          0
        </span>
      </td>
      <td
        className="px-2"
      >
        <span
          className="text-blue-500"
        >
          0
        </span>
      </td>
    </tr>
    <tr
      className=""
    >
      <td
        className="px-2"
      >
        Fruit of Power α
      </td>
      <td
        className="px-2"
      >
        5
      </td>
      <td
        className="px-2"
      >
        No
      </td>
      <td
        className="px-2"
      >
        Harvest
      </td>
      <td
        className="px-2"
      >
        <span
          className="text-green-500"
        >
          383
        </span>
      </td>
      <td
        className="px-2"
      >
        <span
          className="text-red-500"
        >
          0
        </span>
      </td>
      <td
        className="px-2"
      >
        <span
          className="text-blue-500"
        >
          360
        </span>
      </td>
    </tr>
    <tr
      className="bg-slate-200 dark:bg-slate-900"
    >
      <td
        className="px-2"
      >
        Fruit of Adventure
      </td>
      <td
        className="px-2"
      >
        5
      </td>
      <td
        className="px-2"
      >
        No
      </td>
      <td
        className="px-2"
      >
        Eat
      </td>
      <td
        className="px-2"
      >
        <span
          className="text-green-500"
        >
          192
        </span>
      </td>
      <td
        className="px-2"
      >
        <span
          className="text-red-500"
        >
          449
        </span>
      </td>
      <td
        className="px-2"
      >
        <span
          className="text-blue-500"
        >
          900
        </span>
      </td>
    </tr>
    <tr
      className=""
    >
      <td
        className="px-2"
      >
        Fruit of Knowledge
      </td>
      <td
        className="px-2"
      >
        12
      </td>
      <td
        className="px-2"
      >
        Yes
      </td>
      <td
        className="px-2"
      >
        Eat
      </td>
      <td
        className="px-2"
      >
        <span
          className="text-green-500"
        >
          1,005
        </span>
      </td>
      <td
        className="px-2"
      >
        <span
          className="text-red-500"
        >
          2,039
        </span>
      </td>
      <td
        className="px-2"
      >
        <span
          className="text-blue-500"
        >
          6,760
        </span>
      </td>
    </tr>
    <tr
      className="bg-slate-200 dark:bg-slate-900"
    >
      <td
        className="px-2"
      >
        Fruit of Pomegranate
      </td>
      <td
        className="px-2"
      >
        24
      </td>
      <td
        className="px-2"
      >
        Yes
      </td>
      <td
        className="px-2"
      >
        Harvest
      </td>
      <td
        className="px-2"
      >
        <span
          className="text-green-500"
        >
          28,210
        </span>
      </td>
      <td
        className="px-2"
      >
        <span
          className="text-red-500"
        >
          0
        </span>
      </td>
      <td
        className="px-2"
      >
        <span
          className="text-blue-500"
        >
          0
        </span>
      </td>
    </tr>
    <tr
      className=""
    >
      <td
        className="px-2"
      >
        Fruit of Luck
      </td>
      <td
        className="px-2"
      >
        3
      </td>
      <td
        className="px-2"
      >
        No
      </td>
      <td
        className="px-2"
      >
        Eat
      </td>
      <td
        className="px-2"
      >
        <span
          className="text-green-500"
        >
          96
        </span>
      </td>
      <td
        className="px-2"
      >
        <span
          className="text-red-500"
        >
          1.05
        </span>
      </td>
      <td
        className="px-2"
      >
        <span
          className="text-blue-500"
        >
          1,600
        </span>
      </td>
    </tr>
    <tr
      className="bg-slate-200 dark:bg-slate-900"
    >
      <td
        className="px-2"
      >
        Fruit of Power β
      </td>
      <td
        className="px-2"
      >
        2
      </td>
      <td
        className="px-2"
      >
        No
      </td>
      <td
        className="px-2"
      >
        Eat
      </td>
      <td
        className="px-2"
      >
        <span
          className="text-green-500"
        >
          48
        </span>
      </td>
      <td
        className="px-2"
      >
        <span
          className="text-red-500"
        >
          1,225
        </span>
      </td>
      <td
        className="px-2"
      >
        <span
          className="text-blue-500"
        >
          1,350
        </span>
      </td>
    </tr>
    <tr
      className=""
    >
      <td
        className="px-2"
      >
        Fruit of Arbitrariness
      </td>
      <td
        className="px-2"
      >
        2
      </td>
      <td
        className="px-2"
      >
        No
      </td>
      <td
        className="px-2"
      >
        Eat
      </td>
      <td
        className="px-2"
      >
        <span
          className="text-green-500"
        >
          144
        </span>
      </td>
      <td
        className="px-2"
      >
        <span
          className="text-red-500"
        >
          91
        </span>
      </td>
      <td
        className="px-2"
      >
        <span
          className="text-blue-500"
        >
          1,530
        </span>
      </td>
    </tr>
    <tr
      className="bg-slate-200 dark:bg-slate-900"
    >
      <td
        className="px-2"
      >
        Fruit of Numbers
      </td>
      <td
        className="px-2"
      >
        0
      </td>
      <td
        className="px-2"
      >
        No
      </td>
      <td
        className="px-2"
      >
        Eat
      </td>
      <td
        className="px-2"
      >
        <span
          className="text-green-500"
        >
          0
        </span>
      </td>
      <td
        className="px-2"
      >
        <span
          className="text-red-500"
        >
          0
        </span>
      </td>
      <td
        className="px-2"
      >
        <span
          className="text-blue-500"
        >
          200
        </span>
      </td>
    </tr>
    <tr
      className=""
    >
      <td
        className="px-2"
      >
        Fruit of Rage
      </td>
      <td
        className="px-2"
      >
        0
      </td>
      <td
        className="px-2"
      >
        No
      </td>
      <td
        className="px-2"
      >
        Eat
      </td>
      <td
        className="px-2"
      >
        <span
          className="text-green-500"
        >
          0
        </span>
      </td>
      <td
        className="px-2"
      >
        <span
          className="text-red-500"
        >
          0
        </span>
      </td>
      <td
        className="px-2"
      >
        <span
          className="text-blue-500"
        >
          2,000
        </span>
      </td>
    </tr>
    <tr
      className="bg-slate-200 dark:bg-slate-900"
    >
      <td
        className="px-2"
      >
        Fruit of Macguffin α
      </td>
      <td
        className="px-2"
      >
        0
      </td>
      <td
        className="px-2"
      >
        No
      </td>
      <td
        className="px-2"
      >
        Eat
      </td>
      <td
        className="px-2"
      >
        <span
          className="text-green-500"
        >
          0
        </span>
      </td>
      <td
        className="px-2"
      >
        <span
          className="text-red-500"
        >
          0
        </span>
      </td>
      <td
        className="px-2"
      >
        <span
          className="text-blue-500"
        >
          15,000
        </span>
      </td>
    </tr>
    <tr
      className=""
    >
      <td
        className="px-2"
      >
        Fruit of Power δ
      </td>
      <td
        className="px-2"
      >
        0
      </td>
      <td
        className="px-2"
      >
        No
      </td>
      <td
        className="px-2"
      >
        Eat
      </td>
      <td
        className="px-2"
      >
        <span
          className="text-green-500"
        >
          0
        </span>
      </td>
      <td
        className="px-2"
      >
        <span
          className="text-red-500"
        >
          0
        </span>
      </td>
      <td
        className="px-2"
      >
        <span
          className="text-blue-500"
        >
          30,000
        </span>
      </td>
    </tr>
    <tr
      className="bg-slate-200 dark:bg-slate-900"
    >
      <td
        className="px-2"
      >
        Fruit of Watermelon
      </td>
      <td
        className="px-2"
      >
        0
      </td>
      <td
        className="px-2"
      >
        No
      </td>
      <td
        className="px-2"
      >
        Eat
      </td>
      <td
        className="px-2"
      >
        <span
          className="text-green-500"
        >
          0
        </span>
      </td>
      <td
        className="px-2"
      >
        <span
          className="text-red-500"
        >
          0
        </span>
      </td>
      <td
        className="px-2"
      >
        <span
          className="text-blue-500"
        >
          50,000
        </span>
      </td>
    </tr>
    <tr
      className=""
    >
      <td
        className="px-2"
      >
        Fruit of Macguffin β
      </td>
      <td
        className="px-2"
      >
        0
      </td>
      <td
        className="px-2"
      >
        No
      </td>
      <td
        className="px-2"
      >
        Eat
      </td>
      <td
        className="px-2"
      >
        <span
          className="text-green-500"
        >
          0
        </span>
      </td>
      <td
        className="px-2"
      >
        <span
          className="text-red-500"
        >
          0
        </span>
      </td>
      <td
        className="px-2"
      >
        <span
          className="text-blue-500"
        >
          100,000
        </span>
      </td>
    </tr>
    <tr
      className="bg-slate-200 dark:bg-slate-900"
    >
      <td
        className="px-2"
      >
        Fruit of Quirks
      </td>
      <td
        className="px-2"
      >
        0
      </td>
      <td
        className="px-2"
      >
        No
      </td>
      <td
        className="px-2"
      >
        Eat
      </td>
      <td
        className="px-2"
      >
        <span
          className="text-green-500"
        >
          0
        </span>
      </td>
      <td
        className="px-2"
      >
        <span
          className="text-red-500"
        >
          0
        </span>
      </td>
      <td
        className="px-2"
      >
        <span
          className="text-blue-500"
        >
          25,000
        </span>
      </td>
    </tr>
    <tr
      className=""
    >
      <td
        className="px-2"
      >
        Fruit of Angry Mayo
      </td>
      <td
        className="px-2"
      >
        0
      </td>
      <td
        className="px-2"
      >
        No
      </td>
      <td
        className="px-2"
      >
        Eat
      </td>
      <td
        className="px-2"
      >
        <span
          className="text-green-500"
        >
          0
        </span>
      </td>
      <td
        className="px-2"
      >
        <span
          className="text-red-500"
        >
          0
        </span>
      </td>
      <td
        className="px-2"
      >
        <span
          className="text-blue-500"
        >
          250,000
        </span>
      </td>
    </tr>
    <tr
      className="bg-slate-200 dark:bg-slate-900"
    >
      <td
        className="px-2"
      >
        Fruit of Sad Mayo
      </td>
      <td
        className="px-2"
      >
        0
      </td>
      <td
        className="px-2"
      >
        No
      </td>
      <td
        className="px-2"
      >
        Eat
      </td>
      <td
        className="px-2"
      >
        <span
          className="text-green-500"
        >
          0
        </span>
      </td>
      <td
        className="px-2"
      >
        <span
          className="text-red-500"
        >
          0
        </span>
      </td>
      <td
        className="px-2"
      >
        <span
          className="text-blue-500"
        >
          250,000
        </span>
      </td>
    </tr>
    <tr
      className=""
    >
      <td
        className="px-2"
      >
        Fruit of Moldy Mayo
      </td>
      <td
        className="px-2"
      >
        0
      </td>
      <td
        className="px-2"
      >
        No
      </td>
      <td
        className="px-2"
      >
        Eat
      </td>
      <td
        className="px-2"
      >
        <span
          className="text-green-500"
        >
          0
        </span>
      </td>
      <td
        className="px-2"
      >
        <span
          className="text-red-500"
        >
          0
        </span>
      </td>
      <td
        className="px-2"
      >
        <span
          className="text-blue-500"
        >
          250,000
        </span>
      </td>
    </tr>
    <tr
      className="bg-slate-200 dark:bg-slate-900"
    >
      <td
        className="px-2"
      >
        Fruit of Ayy Mayo
      </td>
      <td
        className="px-2"
      >
        0
      </td>
      <td
        className="px-2"
      >
        No
      </td>
      <td
        className="px-2"
      >
        Eat
      </td>
      <td
        className="px-2"
      >
        <span
          className="text-green-500"
        >
          0
        </span>
      </td>
      <td
        className="px-2"
      >
        <span
          className="text-red-500"
        >
          0
        </span>
      </td>
      <td
        className="px-2"
      >
        <span
          className="text-blue-500"
        >
          250,000
        </span>
      </td>
    </tr>
    <tr
      className=""
    >
      <td
        className="px-2"
      >
        Fruit of Cinco de Mayo
      </td>
      <td
        className="px-2"
      >
        0
      </td>
      <td
        className="px-2"
      >
        No
      </td>
      <td
        className="px-2"
      >
        Eat
      </td>
      <td
        className="px-2"
      >
        <span
          className="text-green-500"
        >
          0
        </span>
      </td>
      <td
        className="px-2"
      >
        <span
          className="text-red-500"
        >
          0
        </span>
      </td>
      <td
        className="px-2"
      >
        <span
          className="text-blue-500"
        >
          250,000
        </span>
      </td>
    </tr>
    <tr
      className="bg-slate-200 dark:bg-slate-900"
    >
      <td
        className="px-2"
      >
        Fruit of Pretty Mayo
      </td>
      <td
        className="px-2"
      >
        0
      </td>
      <td
        className="px-2"
      >
        No
      </td>
      <td
        className="px-2"
      >
        Eat
      </td>
      <td
        className="px-2"
      >
        <span
          className="text-green-500"
        >
          0
        </span>
      </td>
      <td
        className="px-2"
      >
        <span
          className="text-red-500"
        >
          0
        </span>
      </td>
      <td
        className="px-2"
      >
        <span
          className="text-blue-500"
        >
          250,000
        </span>
      </td>
    </tr>
  </tbody>
</table>
`;
