// Jest Snapshot v1, https://goo.gl/fbAQLP

exports[`Yggdrasil for Early Normal 2 1`] = `
<table>
  <tbody>
    <tr>
      <td>
        Fruit of Gold
      </td>
      <td>
        8
      </td>
      <td>
        No
      </td>
      <td>
        Harvest
      </td>
      <td>
        47
      </td>
      <td>
        0
      </td>
    </tr>
    <tr>
      <td>
        Fruit of Power A
      </td>
      <td>
        2
      </td>
      <td>
        No
      </td>
      <td>
        Harvest
      </td>
      <td>
        7
      </td>
      <td>
        0
      </td>
    </tr>
    <tr>
      <td>
        Fruit of Adventure
      </td>
      <td>
        1
      </td>
      <td>
        No
      </td>
      <td>
        Harvest
      </td>
      <td>
        3
      </td>
      <td>
        0
      </td>
    </tr>
    <tr>
      <td>
        Fruit of Knowledge
      </td>
      <td>
        0
      </td>
      <td>
        No
      </td>
      <td>
        Eat
      </td>
      <td>
        0
      </td>
      <td>
        0
      </td>
    </tr>
    <tr>
      <td>
        Fruit of Pomegranate
      </td>
      <td>
        1
      </td>
      <td>
        No
      </td>
      <td>
        Harvest
      </td>
      <td>
        11
      </td>
      <td>
        0
      </td>
    </tr>
    <tr>
      <td>
        Fruit of Luck
      </td>
      <td>
        0
      </td>
      <td>
        No
      </td>
      <td>
        Harvest
      </td>
      <td>
        0
      </td>
      <td>
        0
      </td>
    </tr>
    <tr>
      <td>
        Fruit of Power B
      </td>
      <td>
        0
      </td>
      <td>
        No
      </td>
      <td>
        Eat
      </td>
      <td>
        0
      </td>
      <td>
        0
      </td>
    </tr>
    <tr>
      <td>
        Fruit of Arbitrariness
      </td>
      <td>
        0
      </td>
      <td>
        No
      </td>
      <td>
        Eat
      </td>
      <td>
        0
      </td>
      <td>
        0
      </td>
    </tr>
    <tr>
      <td>
        Fruit of Numbers
      </td>
      <td>
        0
      </td>
      <td>
        No
      </td>
      <td>
        Eat
      </td>
      <td>
        0
      </td>
      <td>
        0
      </td>
    </tr>
    <tr>
      <td>
        Fruit of Rage
      </td>
      <td>
        0
      </td>
      <td>
        No
      </td>
      <td>
        Eat
      </td>
      <td>
        0
      </td>
      <td>
        0
      </td>
    </tr>
    <tr>
      <td>
        Fruit of Macguffin A
      </td>
      <td>
        0
      </td>
      <td>
        No
      </td>
      <td>
        Eat
      </td>
      <td>
        0
      </td>
      <td>
        0
      </td>
    </tr>
    <tr>
      <td>
        Fruit of Power D
      </td>
      <td>
        0
      </td>
      <td>
        No
      </td>
      <td>
        Eat
      </td>
      <td>
        0
      </td>
      <td>
        0
      </td>
    </tr>
    <tr>
      <td>
        Fruit of Watermelon
      </td>
      <td>
        0
      </td>
      <td>
        No
      </td>
      <td>
        Eat
      </td>
      <td>
        0
      </td>
      <td>
        0
      </td>
    </tr>
    <tr>
      <td>
        Fruit of Macguffin B
      </td>
      <td>
        0
      </td>
      <td>
        No
      </td>
      <td>
        Eat
      </td>
      <td>
        0
      </td>
      <td>
        0
      </td>
    </tr>
    <tr>
      <td>
        Fruit of Quirks
      </td>
      <td>
        0
      </td>
      <td>
        No
      </td>
      <td>
        Eat
      </td>
      <td>
        0
      </td>
      <td>
        0
      </td>
    </tr>
    <tr>
      <td>
        Fruit of Angry Mayo
      </td>
      <td>
        0
      </td>
      <td>
        No
      </td>
      <td>
        Eat
      </td>
      <td>
        0
      </td>
      <td>
        0
      </td>
    </tr>
    <tr>
      <td>
        Fruit of Sad Mayo
      </td>
      <td>
        0
      </td>
      <td>
        No
      </td>
      <td>
        Eat
      </td>
      <td>
        0
      </td>
      <td>
        0
      </td>
    </tr>
    <tr>
      <td>
        Fruit of Moldy Mayo
      </td>
      <td>
        0
      </td>
      <td>
        No
      </td>
      <td>
        Eat
      </td>
      <td>
        0
      </td>
      <td>
        0
      </td>
    </tr>
    <tr>
      <td>
        Fruit of Ayy Mayo
      </td>
      <td>
        0
      </td>
      <td>
        No
      </td>
      <td>
        Eat
      </td>
      <td>
        0
      </td>
      <td>
        0
      </td>
    </tr>
    <tr>
      <td>
        Fruit of Cinco de Mayo
      </td>
      <td>
        0
      </td>
      <td>
        No
      </td>
      <td>
        Eat
      </td>
      <td>
        0
      </td>
      <td>
        0
      </td>
    </tr>
    <tr>
      <td>
        Fruit of Pretty Mayo
      </td>
      <td>
        0
      </td>
      <td>
        No
      </td>
      <td>
        Eat
      </td>
      <td>
        0
      </td>
      <td>
        0
      </td>
    </tr>
  </tbody>
</table>
`;

exports[`Yggdrasil for Late Normal 1`] = `
<table>
  <tbody>
    <tr>
      <td>
        Fruit of Gold
      </td>
      <td>
        24
      </td>
      <td>
        No
      </td>
      <td>
        Harvest
      </td>
      <td>
        32,781
      </td>
      <td>
        0
      </td>
    </tr>
    <tr>
      <td>
        Fruit of Power A
      </td>
      <td>
        24
      </td>
      <td>
        No
      </td>
      <td>
        Harvest
      </td>
      <td>
        32,781
      </td>
      <td>
        0
      </td>
    </tr>
    <tr>
      <td>
        Fruit of Adventure
      </td>
      <td>
        24
      </td>
      <td>
        No
      </td>
      <td>
        Eat
      </td>
      <td>
        16,391
      </td>
      <td>
        44,139
      </td>
    </tr>
    <tr>
      <td>
        Fruit of Knowledge
      </td>
      <td>
        24
      </td>
      <td>
        Yes
      </td>
      <td>
        Eat
      </td>
      <td>
        27,044
      </td>
      <td>
        4,323,912
      </td>
    </tr>
    <tr>
      <td>
        Fruit of Pomegranate
      </td>
      <td>
        24
      </td>
      <td>
        Yes
      </td>
      <td>
        Harvest
      </td>
      <td>
        270,436
      </td>
      <td>
        0
      </td>
    </tr>
    <tr>
      <td>
        Fruit of Luck
      </td>
      <td>
        24
      </td>
      <td>
        Yes
      </td>
      <td>
        Eat
      </td>
      <td>
        27,044
      </td>
      <td>
        189
      </td>
    </tr>
    <tr>
      <td>
        Fruit of Power B
      </td>
      <td>
        24
      </td>
      <td>
        No
      </td>
      <td>
        Eat
      </td>
      <td>
        16,391
      </td>
      <td>
        3,027,009
      </td>
    </tr>
    <tr>
      <td>
        Fruit of Arbitrariness
      </td>
      <td>
        24
      </td>
      <td>
        Yes
      </td>
      <td>
        Eat
      </td>
      <td>
        81,131
      </td>
      <td>
        7,612
      </td>
    </tr>
    <tr>
      <td>
        Fruit of Numbers
      </td>
      <td>
        14
      </td>
      <td>
        No
      </td>
      <td>
        Eat
      </td>
      <td>
        22,085
      </td>
      <td>
        4,810
      </td>
    </tr>
    <tr>
      <td>
        Fruit of Rage
      </td>
      <td>
        11
      </td>
      <td>
        Yes
      </td>
      <td>
        Eat
      </td>
      <td>
        42,399
      </td>
      <td>
        19,152,704
      </td>
    </tr>
    <tr>
      <td>
        Fruit of Macguffin A
      </td>
      <td>
        0
      </td>
      <td>
        No
      </td>
      <td>
        Eat
      </td>
      <td>
        0
      </td>
      <td>
        0
      </td>
    </tr>
    <tr>
      <td>
        Fruit of Power D
      </td>
      <td>
        0
      </td>
      <td>
        No
      </td>
      <td>
        Eat
      </td>
      <td>
        0
      </td>
      <td>
        0
      </td>
    </tr>
    <tr>
      <td>
        Fruit of Watermelon
      </td>
      <td>
        0
      </td>
      <td>
        No
      </td>
      <td>
        Eat
      </td>
      <td>
        0
      </td>
      <td>
        0
      </td>
    </tr>
    <tr>
      <td>
        Fruit of Macguffin B
      </td>
      <td>
        0
      </td>
      <td>
        No
      </td>
      <td>
        Eat
      </td>
      <td>
        0
      </td>
      <td>
        0
      </td>
    </tr>
    <tr>
      <td>
        Fruit of Quirks
      </td>
      <td>
        0
      </td>
      <td>
        No
      </td>
      <td>
        Eat
      </td>
      <td>
        0
      </td>
      <td>
        0
      </td>
    </tr>
    <tr>
      <td>
        Fruit of Angry Mayo
      </td>
      <td>
        0
      </td>
      <td>
        No
      </td>
      <td>
        Eat
      </td>
      <td>
        0
      </td>
      <td>
        0
      </td>
    </tr>
    <tr>
      <td>
        Fruit of Sad Mayo
      </td>
      <td>
        0
      </td>
      <td>
        No
      </td>
      <td>
        Eat
      </td>
      <td>
        0
      </td>
      <td>
        0
      </td>
    </tr>
    <tr>
      <td>
        Fruit of Moldy Mayo
      </td>
      <td>
        0
      </td>
      <td>
        No
      </td>
      <td>
        Eat
      </td>
      <td>
        0
      </td>
      <td>
        0
      </td>
    </tr>
    <tr>
      <td>
        Fruit of Ayy Mayo
      </td>
      <td>
        0
      </td>
      <td>
        No
      </td>
      <td>
        Eat
      </td>
      <td>
        0
      </td>
      <td>
        0
      </td>
    </tr>
    <tr>
      <td>
        Fruit of Cinco de Mayo
      </td>
      <td>
        0
      </td>
      <td>
        No
      </td>
      <td>
        Eat
      </td>
      <td>
        0
      </td>
      <td>
        0
      </td>
    </tr>
    <tr>
      <td>
        Fruit of Pretty Mayo
      </td>
      <td>
        0
      </td>
      <td>
        No
      </td>
      <td>
        Eat
      </td>
      <td>
        0
      </td>
      <td>
        0
      </td>
    </tr>
  </tbody>
</table>
`;

exports[`Yggdrasil for Mid Normal 1 1`] = `
<table>
  <tbody>
    <tr>
      <td>
        Fruit of Gold
      </td>
      <td>
        10
      </td>
      <td>
        No
      </td>
      <td>
        Harvest
      </td>
      <td>
        73
      </td>
      <td>
        0
      </td>
    </tr>
    <tr>
      <td>
        Fruit of Power A
      </td>
      <td>
        3
      </td>
      <td>
        No
      </td>
      <td>
        Harvest
      </td>
      <td>
        14
      </td>
      <td>
        0
      </td>
    </tr>
    <tr>
      <td>
        Fruit of Adventure
      </td>
      <td>
        5
      </td>
      <td>
        No
      </td>
      <td>
        Eat
      </td>
      <td>
        14
      </td>
      <td>
        77
      </td>
    </tr>
    <tr>
      <td>
        Fruit of Knowledge
      </td>
      <td>
        2
      </td>
      <td>
        No
      </td>
      <td>
        Eat
      </td>
      <td>
        4
      </td>
      <td>
        18
      </td>
    </tr>
    <tr>
      <td>
        Fruit of Pomegranate
      </td>
      <td>
        8
      </td>
      <td>
        Yes
      </td>
      <td>
        Harvest
      </td>
      <td>
        393
      </td>
      <td>
        0
      </td>
    </tr>
    <tr>
      <td>
        Fruit of Luck
      </td>
      <td>
        3
      </td>
      <td>
        No
      </td>
      <td>
        Eat
      </td>
      <td>
        7
      </td>
      <td>
        0.25
      </td>
    </tr>
    <tr>
      <td>
        Fruit of Power B
      </td>
      <td>
        1
      </td>
      <td>
        No
      </td>
      <td>
        Eat
      </td>
      <td>
        2
      </td>
      <td>
        0.2
      </td>
    </tr>
    <tr>
      <td>
        Fruit of Arbitrariness
      </td>
      <td>
        1
      </td>
      <td>
        No
      </td>
      <td>
        Eat
      </td>
      <td>
        4
      </td>
      <td>
        17
      </td>
    </tr>
    <tr>
      <td>
        Fruit of Numbers
      </td>
      <td>
        0
      </td>
      <td>
        No
      </td>
      <td>
        Eat
      </td>
      <td>
        0
      </td>
      <td>
        0
      </td>
    </tr>
    <tr>
      <td>
        Fruit of Rage
      </td>
      <td>
        0
      </td>
      <td>
        No
      </td>
      <td>
        Eat
      </td>
      <td>
        0
      </td>
      <td>
        0
      </td>
    </tr>
    <tr>
      <td>
        Fruit of Macguffin A
      </td>
      <td>
        0
      </td>
      <td>
        No
      </td>
      <td>
        Eat
      </td>
      <td>
        0
      </td>
      <td>
        0
      </td>
    </tr>
    <tr>
      <td>
        Fruit of Power D
      </td>
      <td>
        0
      </td>
      <td>
        No
      </td>
      <td>
        Eat
      </td>
      <td>
        0
      </td>
      <td>
        0
      </td>
    </tr>
    <tr>
      <td>
        Fruit of Watermelon
      </td>
      <td>
        0
      </td>
      <td>
        No
      </td>
      <td>
        Eat
      </td>
      <td>
        0
      </td>
      <td>
        0
      </td>
    </tr>
    <tr>
      <td>
        Fruit of Macguffin B
      </td>
      <td>
        0
      </td>
      <td>
        No
      </td>
      <td>
        Eat
      </td>
      <td>
        0
      </td>
      <td>
        0
      </td>
    </tr>
    <tr>
      <td>
        Fruit of Quirks
      </td>
      <td>
        0
      </td>
      <td>
        No
      </td>
      <td>
        Eat
      </td>
      <td>
        0
      </td>
      <td>
        0
      </td>
    </tr>
    <tr>
      <td>
        Fruit of Angry Mayo
      </td>
      <td>
        0
      </td>
      <td>
        No
      </td>
      <td>
        Eat
      </td>
      <td>
        0
      </td>
      <td>
        0
      </td>
    </tr>
    <tr>
      <td>
        Fruit of Sad Mayo
      </td>
      <td>
        0
      </td>
      <td>
        No
      </td>
      <td>
        Eat
      </td>
      <td>
        0
      </td>
      <td>
        0
      </td>
    </tr>
    <tr>
      <td>
        Fruit of Moldy Mayo
      </td>
      <td>
        0
      </td>
      <td>
        No
      </td>
      <td>
        Eat
      </td>
      <td>
        0
      </td>
      <td>
        0
      </td>
    </tr>
    <tr>
      <td>
        Fruit of Ayy Mayo
      </td>
      <td>
        0
      </td>
      <td>
        No
      </td>
      <td>
        Eat
      </td>
      <td>
        0
      </td>
      <td>
        0
      </td>
    </tr>
    <tr>
      <td>
        Fruit of Cinco de Mayo
      </td>
      <td>
        0
      </td>
      <td>
        No
      </td>
      <td>
        Eat
      </td>
      <td>
        0
      </td>
      <td>
        0
      </td>
    </tr>
    <tr>
      <td>
        Fruit of Pretty Mayo
      </td>
      <td>
        0
      </td>
      <td>
        No
      </td>
      <td>
        Eat
      </td>
      <td>
        0
      </td>
      <td>
        0
      </td>
    </tr>
  </tbody>
</table>
`;

exports[`Yggdrasil for Mid Normal 2 1`] = `
<table>
  <tbody>
    <tr>
      <td>
        Fruit of Gold
      </td>
      <td>
        24
      </td>
      <td>
        No
      </td>
      <td>
        Harvest
      </td>
      <td>
        3,762
      </td>
      <td>
        0
      </td>
    </tr>
    <tr>
      <td>
        Fruit of Power A
      </td>
      <td>
        5
      </td>
      <td>
        No
      </td>
      <td>
        Harvest
      </td>
      <td>
        383
      </td>
      <td>
        0
      </td>
    </tr>
    <tr>
      <td>
        Fruit of Adventure
      </td>
      <td>
        5
      </td>
      <td>
        No
      </td>
      <td>
        Eat
      </td>
      <td>
        192
      </td>
      <td>
        449
      </td>
    </tr>
    <tr>
      <td>
        Fruit of Knowledge
      </td>
      <td>
        12
      </td>
      <td>
        Yes
      </td>
      <td>
        Eat
      </td>
      <td>
        1,005
      </td>
      <td>
        2,039
      </td>
    </tr>
    <tr>
      <td>
        Fruit of Pomegranate
      </td>
      <td>
        24
      </td>
      <td>
        Yes
      </td>
      <td>
        Harvest
      </td>
      <td>
        28,210
      </td>
      <td>
        0
      </td>
    </tr>
    <tr>
      <td>
        Fruit of Luck
      </td>
      <td>
        3
      </td>
      <td>
        No
      </td>
      <td>
        Eat
      </td>
      <td>
        96
      </td>
      <td>
        1.05
      </td>
    </tr>
    <tr>
      <td>
        Fruit of Power B
      </td>
      <td>
        2
      </td>
      <td>
        No
      </td>
      <td>
        Eat
      </td>
      <td>
        48
      </td>
      <td>
        1,225
      </td>
    </tr>
    <tr>
      <td>
        Fruit of Arbitrariness
      </td>
      <td>
        2
      </td>
      <td>
        No
      </td>
      <td>
        Eat
      </td>
      <td>
        144
      </td>
      <td>
        91
      </td>
    </tr>
    <tr>
      <td>
        Fruit of Numbers
      </td>
      <td>
        0
      </td>
      <td>
        No
      </td>
      <td>
        Eat
      </td>
      <td>
        0
      </td>
      <td>
        0
      </td>
    </tr>
    <tr>
      <td>
        Fruit of Rage
      </td>
      <td>
        0
      </td>
      <td>
        No
      </td>
      <td>
        Eat
      </td>
      <td>
        0
      </td>
      <td>
        0
      </td>
    </tr>
    <tr>
      <td>
        Fruit of Macguffin A
      </td>
      <td>
        0
      </td>
      <td>
        No
      </td>
      <td>
        Eat
      </td>
      <td>
        0
      </td>
      <td>
        0
      </td>
    </tr>
    <tr>
      <td>
        Fruit of Power D
      </td>
      <td>
        0
      </td>
      <td>
        No
      </td>
      <td>
        Eat
      </td>
      <td>
        0
      </td>
      <td>
        0
      </td>
    </tr>
    <tr>
      <td>
        Fruit of Watermelon
      </td>
      <td>
        0
      </td>
      <td>
        No
      </td>
      <td>
        Eat
      </td>
      <td>
        0
      </td>
      <td>
        0
      </td>
    </tr>
    <tr>
      <td>
        Fruit of Macguffin B
      </td>
      <td>
        0
      </td>
      <td>
        No
      </td>
      <td>
        Eat
      </td>
      <td>
        0
      </td>
      <td>
        0
      </td>
    </tr>
    <tr>
      <td>
        Fruit of Quirks
      </td>
      <td>
        0
      </td>
      <td>
        No
      </td>
      <td>
        Eat
      </td>
      <td>
        0
      </td>
      <td>
        0
      </td>
    </tr>
    <tr>
      <td>
        Fruit of Angry Mayo
      </td>
      <td>
        0
      </td>
      <td>
        No
      </td>
      <td>
        Eat
      </td>
      <td>
        0
      </td>
      <td>
        0
      </td>
    </tr>
    <tr>
      <td>
        Fruit of Sad Mayo
      </td>
      <td>
        0
      </td>
      <td>
        No
      </td>
      <td>
        Eat
      </td>
      <td>
        0
      </td>
      <td>
        0
      </td>
    </tr>
    <tr>
      <td>
        Fruit of Moldy Mayo
      </td>
      <td>
        0
      </td>
      <td>
        No
      </td>
      <td>
        Eat
      </td>
      <td>
        0
      </td>
      <td>
        0
      </td>
    </tr>
    <tr>
      <td>
        Fruit of Ayy Mayo
      </td>
      <td>
        0
      </td>
      <td>
        No
      </td>
      <td>
        Eat
      </td>
      <td>
        0
      </td>
      <td>
        0
      </td>
    </tr>
    <tr>
      <td>
        Fruit of Cinco de Mayo
      </td>
      <td>
        0
      </td>
      <td>
        No
      </td>
      <td>
        Eat
      </td>
      <td>
        0
      </td>
      <td>
        0
      </td>
    </tr>
    <tr>
      <td>
        Fruit of Pretty Mayo
      </td>
      <td>
        0
      </td>
      <td>
        No
      </td>
      <td>
        Eat
      </td>
      <td>
        0
      </td>
      <td>
        0
      </td>
    </tr>
  </tbody>
</table>
`;
